// Jest Snapshot v1, https://goo.gl/fbAQLP

exports[`Index should render without throwing an error 1`] = `
<div>
  is
</div>
`;
